Received incoming request from 127.0.0.1
GET Request for /index.html using HTTP/1.0
URI requested was: /index.html

++++++++++++++++++++++++++++
Client received
++++++++++++++++++++++++++++
HTTP/1.0 200 OK
Content-Type: text/html; charset=UTF-8
Content-Length: 119

<html>
  <head>
    <title>Success!</title>
  </head>

  <body>
    <h2>It <i>really</i> works!</h2>
  </body>
</html>
++++++++++++++++++++++++++++
